 
****************************************
Report : port
Design : UART
Version: K-2015.06
Date   : Fri Aug 12 21:07:32 2022
****************************************



Attributes:
    d - dont_touch_network

                       Pin      Wire     Max     Max     Connection
Port           Dir     Load     Load     Trans   Cap     Class      Attrs
--------------------------------------------------------------------------------
DATA_VALID_TX  in      0.0000   0.0000    1.50    0.18   --         
PAR_EN         in      0.0000   0.0000    1.50    0.18   --         
PAR_TYP        in      0.0000   0.0000    1.50    0.18   --         
PRESCALE_RX[0] in      0.0000   0.0000    1.50    0.18   --         
PRESCALE_RX[1] in      0.0000   0.0000    1.50    0.18   --         
PRESCALE_RX[2] in      0.0000   0.0000    1.50    0.18   --         
PRESCALE_RX[3] in      0.0000   0.0000    1.50    0.18   --         
PRESCALE_RX[4] in      0.0000   0.0000    1.50    0.18   --         
PRESCALE_RX[5] in      0.0000   0.0000    1.50    0.18   --         
P_DATA_TX[0]   in      0.0000   0.0000    1.50    0.18   --         
P_DATA_TX[1]   in      0.0000   0.0000    1.50    0.18   --         
P_DATA_TX[2]   in      0.0000   0.0000    1.50    0.18   --         
P_DATA_TX[3]   in      0.0000   0.0000    1.50    0.18   --         
P_DATA_TX[4]   in      0.0000   0.0000    1.50    0.18   --         
P_DATA_TX[5]   in      0.0000   0.0000    1.50    0.18   --         
P_DATA_TX[6]   in      0.0000   0.0000    1.50    0.18   --         
P_DATA_TX[7]   in      0.0000   0.0000    1.50    0.18   --         
RST            in      0.0000   0.0000   --      --      --         d
RX_CLK         in      0.0000   0.0000   --      --      --         d
RX_IN          in      0.0000   0.0000    1.50    0.18   --         
SE             in      0.0000   0.0000   --      --      --         
SI             in      0.0000   0.0000   --      --      --         
TX_CLK         in      0.0000   0.0000   --      --      --         d
scan_clk       in      0.0000   0.0000   --      --      --         
scan_rst       in      0.0000   0.0000   --      --      --         
test_mode      in      0.0000   0.0000   --      --      --         
BUSY_TX        out    50.0000   0.0000   --      --      --         
DATA_VALID_RX  out    50.0000   0.0000   --      --      --         
PAR_ERR_RX     out    50.0000   0.0000   --      --      --         
P_DATA_RX[0]   out    50.0000   0.0000   --      --      --         
P_DATA_RX[1]   out    50.0000   0.0000   --      --      --         
P_DATA_RX[2]   out    50.0000   0.0000   --      --      --         
P_DATA_RX[3]   out    50.0000   0.0000   --      --      --         
P_DATA_RX[4]   out    50.0000   0.0000   --      --      --         
P_DATA_RX[5]   out    50.0000   0.0000   --      --      --         
P_DATA_RX[6]   out    50.0000   0.0000   --      --      --         
P_DATA_RX[7]   out    50.0000   0.0000   --      --      --         
SO             out     0.0000   0.0000   --      --      --         
STP_ERR_RX     out    50.0000   0.0000   --      --      --         
TX_OUT         out    50.0000   0.0000   --      --      --         

1
