**************************************************
Report         : passing_points

Reference      : Ref:/WORK/UART
Implementation : Imp:/WORK/UART
Version        : L-2016.03-SP1
Date           : Thu Aug 11 18:41:16 2022
**************************************************

59 Passing compare points:

  Ref  DFF        Ref:/WORK/UART/U0_UART_Tx/U0/busy_reg
  Impl DFF        Imp:/WORK/UART/U0_UART_Tx/U0/busy_reg

  Ref  DFF        Ref:/WORK/UART/U0_UART_Tx/U0/current_state_reg[0]
  Impl DFF        Imp:/WORK/UART/U0_UART_Tx/U0/current_state_reg[0]

  Ref  DFF        Ref:/WORK/UART/U0_UART_Tx/U0/current_state_reg[1]
  Impl DFF        Imp:/WORK/UART/U0_UART_Tx/U0/current_state_reg[1]

  Ref  DFF        Ref:/WORK/UART/U0_UART_Tx/U0/current_state_reg[2]
  Impl DFF        Imp:/WORK/UART/U0_UART_Tx/U0/current_state_reg[2]

  Ref  DFF        Ref:/WORK/UART/U0_UART_Tx/U1/counter_reg[0]
  Impl DFF        Imp:/WORK/UART/U0_UART_Tx/U1/counter_reg[0]

  Ref  DFF        Ref:/WORK/UART/U0_UART_Tx/U1/counter_reg[1]
  Impl DFF        Imp:/WORK/UART/U0_UART_Tx/U1/counter_reg[1]

  Ref  DFF        Ref:/WORK/UART/U0_UART_Tx/U1/counter_reg[2]
  Impl DFF        Imp:/WORK/UART/U0_UART_Tx/U1/counter_reg[2]

  Ref  DFF        Ref:/WORK/UART/U0_UART_Tx/U1/done_reg
  Impl DFF        Imp:/WORK/UART/U0_UART_Tx/U1/done_reg

  Ref  DFF        Ref:/WORK/UART/U0_UART_Tx/U1/shift_reg_reg[0]
  Impl DFF        Imp:/WORK/UART/U0_UART_Tx/U1/shift_reg_reg[0]

  Ref  DFF        Ref:/WORK/UART/U0_UART_Tx/U1/shift_reg_reg[1]
  Impl DFF        Imp:/WORK/UART/U0_UART_Tx/U1/shift_reg_reg[1]

  Ref  DFF        Ref:/WORK/UART/U0_UART_Tx/U1/shift_reg_reg[2]
  Impl DFF        Imp:/WORK/UART/U0_UART_Tx/U1/shift_reg_reg[2]

  Ref  DFF        Ref:/WORK/UART/U0_UART_Tx/U1/shift_reg_reg[3]
  Impl DFF        Imp:/WORK/UART/U0_UART_Tx/U1/shift_reg_reg[3]

  Ref  DFF        Ref:/WORK/UART/U0_UART_Tx/U1/shift_reg_reg[4]
  Impl DFF        Imp:/WORK/UART/U0_UART_Tx/U1/shift_reg_reg[4]

  Ref  DFF        Ref:/WORK/UART/U0_UART_Tx/U1/shift_reg_reg[5]
  Impl DFF        Imp:/WORK/UART/U0_UART_Tx/U1/shift_reg_reg[5]

  Ref  DFF        Ref:/WORK/UART/U0_UART_Tx/U1/shift_reg_reg[6]
  Impl DFF        Imp:/WORK/UART/U0_UART_Tx/U1/shift_reg_reg[6]

  Ref  DFF        Ref:/WORK/UART/U0_UART_Tx/U1/shift_reg_reg[7]
  Impl DFF        Imp:/WORK/UART/U0_UART_Tx/U1/shift_reg_reg[7]

  Ref  DFF        Ref:/WORK/UART/U0_UART_Tx/U2/parity_result_reg
  Impl DFF        Imp:/WORK/UART/U0_UART_Tx/U2/parity_result_reg

  Ref  DFF        Ref:/WORK/UART/U0_UART_Tx/U3/out_reg
  Impl DFF        Imp:/WORK/UART/U0_UART_Tx/U3/out_reg

  Ref  DFF        Ref:/WORK/UART/U1_UART_Rx/U0_FSM/current_state_reg[0]
  Impl DFF        Imp:/WORK/UART/U1_UART_Rx/U0_FSM/current_state_reg[0]

  Ref  DFF        Ref:/WORK/UART/U1_UART_Rx/U0_FSM/current_state_reg[1]
  Impl DFF        Imp:/WORK/UART/U1_UART_Rx/U0_FSM/current_state_reg[1]

  Ref  DFF        Ref:/WORK/UART/U1_UART_Rx/U0_FSM/current_state_reg[2]
  Impl DFF        Imp:/WORK/UART/U1_UART_Rx/U0_FSM/current_state_reg[2]

  Ref  DFF        Ref:/WORK/UART/U1_UART_Rx/U0_FSM/data_valid_reg
  Impl DFF        Imp:/WORK/UART/U1_UART_Rx/U0_FSM/data_valid_reg

  Ref  DFF        Ref:/WORK/UART/U1_UART_Rx/U1_Sampler/sample1_reg
  Impl DFF        Imp:/WORK/UART/U1_UART_Rx/U1_Sampler/sample1_reg

  Ref  DFF        Ref:/WORK/UART/U1_UART_Rx/U1_Sampler/sample2_reg
  Impl DFF        Imp:/WORK/UART/U1_UART_Rx/U1_Sampler/sample2_reg

  Ref  DFF        Ref:/WORK/UART/U1_UART_Rx/U1_Sampler/sample3_reg
  Impl DFF        Imp:/WORK/UART/U1_UART_Rx/U1_Sampler/sample3_reg

  Ref  DFF        Ref:/WORK/UART/U1_UART_Rx/U2_Deserializer/shift_reg_reg[0]
  Impl DFF        Imp:/WORK/UART/U1_UART_Rx/U2_Deserializer/shift_reg_reg[0]

  Ref  DFF        Ref:/WORK/UART/U1_UART_Rx/U2_Deserializer/shift_reg_reg[1]
  Impl DFF        Imp:/WORK/UART/U1_UART_Rx/U2_Deserializer/shift_reg_reg[1]

  Ref  DFF        Ref:/WORK/UART/U1_UART_Rx/U2_Deserializer/shift_reg_reg[2]
  Impl DFF        Imp:/WORK/UART/U1_UART_Rx/U2_Deserializer/shift_reg_reg[2]

  Ref  DFF        Ref:/WORK/UART/U1_UART_Rx/U2_Deserializer/shift_reg_reg[3]
  Impl DFF        Imp:/WORK/UART/U1_UART_Rx/U2_Deserializer/shift_reg_reg[3]

  Ref  DFF        Ref:/WORK/UART/U1_UART_Rx/U2_Deserializer/shift_reg_reg[4]
  Impl DFF        Imp:/WORK/UART/U1_UART_Rx/U2_Deserializer/shift_reg_reg[4]

  Ref  DFF        Ref:/WORK/UART/U1_UART_Rx/U2_Deserializer/shift_reg_reg[5]
  Impl DFF        Imp:/WORK/UART/U1_UART_Rx/U2_Deserializer/shift_reg_reg[5]

  Ref  DFF        Ref:/WORK/UART/U1_UART_Rx/U2_Deserializer/shift_reg_reg[6]
  Impl DFF        Imp:/WORK/UART/U1_UART_Rx/U2_Deserializer/shift_reg_reg[6]

  Ref  DFF        Ref:/WORK/UART/U1_UART_Rx/U2_Deserializer/shift_reg_reg[7]
  Impl DFF        Imp:/WORK/UART/U1_UART_Rx/U2_Deserializer/shift_reg_reg[7]

  Ref  DFF        Ref:/WORK/UART/U1_UART_Rx/U3_Counter/bit_counter_reg[0]
  Impl DFF        Imp:/WORK/UART/U1_UART_Rx/U3_Counter/bit_counter_reg[0]

  Ref  DFF        Ref:/WORK/UART/U1_UART_Rx/U3_Counter/bit_counter_reg[1]
  Impl DFF        Imp:/WORK/UART/U1_UART_Rx/U3_Counter/bit_counter_reg[1]

  Ref  DFF        Ref:/WORK/UART/U1_UART_Rx/U3_Counter/bit_counter_reg[2]
  Impl DFF        Imp:/WORK/UART/U1_UART_Rx/U3_Counter/bit_counter_reg[2]

  Ref  DFF        Ref:/WORK/UART/U1_UART_Rx/U3_Counter/bit_counter_reg[3]
  Impl DFF        Imp:/WORK/UART/U1_UART_Rx/U3_Counter/bit_counter_reg[3]

  Ref  DFF        Ref:/WORK/UART/U1_UART_Rx/U3_Counter/edge_counter_reg[0]
  Impl DFF        Imp:/WORK/UART/U1_UART_Rx/U3_Counter/edge_counter_reg[0]

  Ref  DFF        Ref:/WORK/UART/U1_UART_Rx/U3_Counter/edge_counter_reg[1]
  Impl DFF        Imp:/WORK/UART/U1_UART_Rx/U3_Counter/edge_counter_reg[1]

  Ref  DFF        Ref:/WORK/UART/U1_UART_Rx/U3_Counter/edge_counter_reg[2]
  Impl DFF        Imp:/WORK/UART/U1_UART_Rx/U3_Counter/edge_counter_reg[2]

  Ref  DFF        Ref:/WORK/UART/U1_UART_Rx/U3_Counter/edge_counter_reg[3]
  Impl DFF        Imp:/WORK/UART/U1_UART_Rx/U3_Counter/edge_counter_reg[3]

  Ref  DFF        Ref:/WORK/UART/U1_UART_Rx/U3_Counter/edge_counter_reg[4]
  Impl DFF        Imp:/WORK/UART/U1_UART_Rx/U3_Counter/edge_counter_reg[4]

  Ref  DFF        Ref:/WORK/UART/U1_UART_Rx/U3_Counter/edge_counter_reg[5]
  Impl DFF        Imp:/WORK/UART/U1_UART_Rx/U3_Counter/edge_counter_reg[5]

  Ref  DFF        Ref:/WORK/UART/U1_UART_Rx/U4_Parity/parity_error_reg
  Impl DFF        Imp:/WORK/UART/U1_UART_Rx/U4_Parity/parity_error_reg

  Ref  DFF        Ref:/WORK/UART/U1_UART_Rx/U5_Start/glitch_reg
  Impl DFF        Imp:/WORK/UART/U1_UART_Rx/U5_Start/glitch_reg

  Ref  DFF        Ref:/WORK/UART/U1_UART_Rx/U6_Stop/stop_error_reg
  Impl DFF        Imp:/WORK/UART/U1_UART_Rx/U6_Stop/stop_error_reg

  Ref  Port       Ref:/WORK/UART/BUSY_TX
  Impl Port       Imp:/WORK/UART/BUSY_TX

  Ref  Port       Ref:/WORK/UART/DATA_VALID_RX
  Impl Port       Imp:/WORK/UART/DATA_VALID_RX

  Ref  Port       Ref:/WORK/UART/PAR_ERR_RX
  Impl Port       Imp:/WORK/UART/PAR_ERR_RX

  Ref  Port       Ref:/WORK/UART/P_DATA_RX[0]
  Impl Port       Imp:/WORK/UART/P_DATA_RX[0]

  Ref  Port       Ref:/WORK/UART/P_DATA_RX[1]
  Impl Port       Imp:/WORK/UART/P_DATA_RX[1]

  Ref  Port       Ref:/WORK/UART/P_DATA_RX[2]
  Impl Port       Imp:/WORK/UART/P_DATA_RX[2]

  Ref  Port       Ref:/WORK/UART/P_DATA_RX[3]
  Impl Port       Imp:/WORK/UART/P_DATA_RX[3]

  Ref  Port       Ref:/WORK/UART/P_DATA_RX[4]
  Impl Port       Imp:/WORK/UART/P_DATA_RX[4]

  Ref  Port       Ref:/WORK/UART/P_DATA_RX[5]
  Impl Port       Imp:/WORK/UART/P_DATA_RX[5]

  Ref  Port       Ref:/WORK/UART/P_DATA_RX[6]
  Impl Port       Imp:/WORK/UART/P_DATA_RX[6]

  Ref  Port       Ref:/WORK/UART/P_DATA_RX[7]
  Impl Port       Imp:/WORK/UART/P_DATA_RX[7]

  Ref  Port       Ref:/WORK/UART/STP_ERR_RX
  Impl Port       Imp:/WORK/UART/STP_ERR_RX

  Ref  Port       Ref:/WORK/UART/TX_OUT
  Impl Port       Imp:/WORK/UART/TX_OUT

 [BBNet: multiply-driven net
  BBPin: black-box pin
  Cut:   cut-point
  DFF:   non-constant DFF register
  DFF0:  constant 0 DFF register
  DFF1:  constant 1 DFF register
  DFFX:  constant X DFF register
  DFF0X: constrained 0X DFF register
  DFF1X: constrained 1X DFF register
  LAT:   non-constant latch register
  LAT0:  constant 0 latch register
  LAT1:  constant 1 latch register
  LATX:  constant X latch register
  LAT0X: constrained 0X latch register
  LAT1X: constrained 1X latch register
  LATCG: clock-gating latch register
  TLA:   transparent latch register
  TLA0X: transparent constrained 0X latch register
  TLA1X: transparent constrained 1X latch register
  Loop:  cycle break point
  Port:  primary (top-level) port
  Und:   undriven signal cut-point
  Unk:   unknown signal cut-point]

1
